// Jest Snapshot v1, https://goo.gl/fbAQLP

exports[`Calculator Page testing renders correctly 1`] = `
<div
  className="border calculatorPage"
  data-testid="calculatorPageContent"
>
  <h2
    className="headerText"
  >
    Lets do some math!
  </h2>
  <div
    className="calculator-div border"
  >
    <div
      className="displayNum"
      id="result"
    >
      <p>
         
         
      </p>
    </div>
    <div
      className="calculatorButtons"
    >
      <button
        className="color-first"
        onClick={[Function]}
        type="submit"
      >
        AC
      </button>
      <button
        className="color-first"
        onClick={[Function]}
        type="submit"
      >
        +/-
      </button>
      <button
        className="color-first"
        onClick={[Function]}
        type="submit"
      >
        %
      </button>
      <button
        className="color-first"
        onClick={[Function]}
        type="submit"
      >
        รท
      </button>
      <button
        className="color-second"
        onClick={[Function]}
        type="submit"
      >
        7
      </button>
      <button
        className="color-second"
        onClick={[Function]}
        type="submit"
      >
        8
      </button>
      <button
        className="color-second"
        onClick={[Function]}
        type="submit"
      >
        9
      </button>
      <button
        className="color-first"
        onClick={[Function]}
        type="submit"
      >
        x
      </button>
      <button
        className="color-second"
        onClick={[Function]}
        type="submit"
      >
        4
      </button>
      <button
        className="color-second"
        onClick={[Function]}
        type="submit"
      >
        5
      </button>
      <button
        className="color-second"
        onClick={[Function]}
        type="submit"
      >
        6
      </button>
      <button
        className="color-first"
        onClick={[Function]}
        type="submit"
      >
        -
      </button>
      <button
        className="color-second"
        onClick={[Function]}
        type="submit"
      >
        1
      </button>
      <button
        className="color-second"
        onClick={[Function]}
        type="submit"
      >
        2
      </button>
      <button
        className="color-second"
        onClick={[Function]}
        type="submit"
      >
        3
      </button>
      <button
        className="color-first"
        onClick={[Function]}
        type="submit"
      >
        +
      </button>
      <button
        className="color-second zero"
        onClick={[Function]}
        type="submit"
      >
        0
      </button>
      <button
        className="color-second"
        onClick={[Function]}
        type="submit"
      >
        .
      </button>
      <button
        className="color-first"
        onClick={[Function]}
        type="submit"
      >
        =
      </button>
    </div>
  </div>
</div>
`;
